// Vitest Snapshot v1, https://vitest.dev/guide/snapshot.html

exports[`parseUserRecords > parse all-spam 1`] = `
[
  {
    "blocking": true,
    "description": "在这里找到我👉 电报：https://t.co/MmRE09QgA7频道 https://t.co/7NarD6YajO",
    "following": false,
    "id": "1605523737285054465",
    "name": "比特币飞扬",
    "profile_image_url": "https://pbs.twimg.com/profile_images/1605524909655871488/i668ZXIl_normal.jpg",
    "screen_name": "TraderFeiyang",
  },
  {
    "blocking": true,
    "description": "",
    "following": false,
    "id": "251790844",
    "name": "比特币飞扬",
    "profile_image_url": "https://pbs.twimg.com/profile_images/1857641923009458177/Sciy-J4I_normal.jpg",
    "screen_name": "ttp92055",
  },
  {
    "blocking": true,
    "description": "",
    "following": false,
    "id": "366066657",
    "name": "比特币飞扬",
    "profile_image_url": "https://pbs.twimg.com/profile_images/1857641764292800513/DS60rtnt_normal.jpg",
    "screen_name": "ttp92022",
  },
  {
    "blocking": true,
    "description": "",
    "following": false,
    "id": "1252289042999369728",
    "name": "比特币飞扬",
    "profile_image_url": "https://pbs.twimg.com/profile_images/1778133273136275456/ULPCg8Nl_normal.png",
    "screen_name": "btc92001",
  },
  {
    "blocking": true,
    "description": "",
    "following": false,
    "id": "345625975",
    "name": "比特币飞扬",
    "profile_image_url": "https://pbs.twimg.com/profile_images/1849340282313297921/RwyrCDvs_normal.png",
    "screen_name": "btc92116",
  },
  {
    "blocking": true,
    "description": "",
    "following": false,
    "id": "294337952",
    "name": "比特币飞扬",
    "profile_image_url": "https://pbs.twimg.com/profile_images/1857641929183473665/-iiQjTao_normal.jpg",
    "screen_name": "ttp92057",
  },
  {
    "blocking": true,
    "description": "",
    "following": false,
    "id": "1149354797801197568",
    "name": "比特币飞扬",
    "profile_image_url": "https://pbs.twimg.com/profile_images/1830146250718785536/bspsWBBd_normal.png",
    "screen_name": "btc92018",
  },
  {
    "blocking": true,
    "description": "",
    "following": false,
    "id": "2574354727",
    "name": "比特币飞扬",
    "profile_image_url": "https://pbs.twimg.com/profile_images/1857641746429353984/ouuY79dH_normal.jpg",
    "screen_name": "ttp92019",
  },
  {
    "blocking": true,
    "description": "",
    "following": false,
    "id": "2737594436",
    "name": "比特币飞扬",
    "profile_image_url": "https://pbs.twimg.com/profile_images/1849310739967942656/cF388mFy_normal.png",
    "screen_name": "btc92110",
  },
  {
    "blocking": true,
    "description": "",
    "following": false,
    "id": "268716526",
    "name": "比特币飞扬",
    "profile_image_url": "https://pbs.twimg.com/profile_images/1857642011060482051/R72Jy6Cb_normal.jpg",
    "screen_name": "ttp92073",
  },
  {
    "blocking": true,
    "description": "",
    "following": false,
    "id": "2992260008",
    "name": "比特币飞扬",
    "profile_image_url": "https://pbs.twimg.com/profile_images/1834101497132711936/zjcEt02x_normal.png",
    "screen_name": "btc92061",
  },
  {
    "blocking": true,
    "description": "",
    "following": false,
    "id": "813301670276796416",
    "name": "比特币飞扬",
    "profile_image_url": "https://pbs.twimg.com/profile_images/1834097039145402370/UNgCeFpH_normal.png",
    "screen_name": "btc92052",
  },
  {
    "blocking": true,
    "description": "",
    "following": false,
    "id": "322470767",
    "name": "比特币飞扬",
    "profile_image_url": "https://pbs.twimg.com/profile_images/1850123662500012032/cvZYIZdV_normal.png",
    "screen_name": "btc92107",
  },
  {
    "blocking": true,
    "description": "",
    "following": false,
    "id": "330309374",
    "name": "比特币飞扬",
    "profile_image_url": "https://pbs.twimg.com/profile_images/1857641899240390656/JOoLbs9L_normal.jpg",
    "screen_name": "ttp92050",
  },
  {
    "blocking": true,
    "description": "",
    "following": false,
    "id": "4817011184",
    "name": "比特币飞扬",
    "profile_image_url": "https://pbs.twimg.com/profile_images/1830461392400609280/yE2SeGTM_normal.png",
    "screen_name": "btc92025",
  },
  {
    "blocking": true,
    "description": "",
    "following": false,
    "id": "1560061368388440064",
    "name": "比特币飞扬",
    "profile_image_url": "https://pbs.twimg.com/profile_images/1834096682264657921/syW9j3bP_normal.png",
    "screen_name": "btc92050",
  },
  {
    "blocking": true,
    "description": "",
    "following": false,
    "id": "2875493802",
    "name": "比特币飞扬",
    "profile_image_url": "https://pbs.twimg.com/profile_images/1834093509042995200/2ewa7808_normal.png",
    "screen_name": "btc92035",
  },
  {
    "blocking": true,
    "description": "",
    "following": false,
    "id": "800314662",
    "name": "比特币飞扬",
    "profile_image_url": "https://pbs.twimg.com/profile_images/1857641924859146248/zSZVP1uJ_normal.jpg",
    "screen_name": "ttp92056",
  },
  {
    "blocking": true,
    "description": "",
    "following": false,
    "id": "2497233794",
    "name": "比特币飞扬",
    "profile_image_url": "https://pbs.twimg.com/profile_images/1857641858094284801/908u37vL_normal.jpg",
    "screen_name": "ttp92041",
  },
  {
    "blocking": true,
    "description": "",
    "following": false,
    "id": "2787648718",
    "name": "比特币飞扬",
    "profile_image_url": "https://pbs.twimg.com/profile_images/1857641688904380417/YwqgVN6Q_normal.jpg",
    "screen_name": "ttp92007",
  },
  {
    "blocking": true,
    "description": "",
    "following": false,
    "id": "218300144",
    "name": "比特币飞扬",
    "profile_image_url": "https://pbs.twimg.com/profile_images/1857641745594593281/kwmiVk74_normal.jpg",
    "screen_name": "ttp92020",
  },
  {
    "blocking": true,
    "description": "",
    "following": false,
    "id": "2776502454",
    "name": "比特币飞扬",
    "profile_image_url": "https://pbs.twimg.com/profile_images/1857641717299818499/8KcpE086_normal.jpg",
    "screen_name": "ttp92011",
  },
  {
    "blocking": true,
    "description": "",
    "following": false,
    "id": "2508408081",
    "name": "比特币飞扬",
    "profile_image_url": "https://pbs.twimg.com/profile_images/1857641919364608002/ZS5Pc02k_normal.jpg",
    "screen_name": "ttp92054",
  },
  {
    "blocking": true,
    "description": "",
    "following": false,
    "id": "288668535",
    "name": "比特币飞扬",
    "profile_image_url": "https://pbs.twimg.com/profile_images/1857641767329509376/ozK48U-O_normal.jpg",
    "screen_name": "ttp92024",
  },
  {
    "blocking": true,
    "description": "",
    "following": false,
    "id": "719078254443802626",
    "name": "比特币飞扬",
    "profile_image_url": "https://pbs.twimg.com/profile_images/1830146960365600768/p77EcRd8_normal.png",
    "screen_name": "btc92020",
  },
  {
    "blocking": true,
    "description": "",
    "following": false,
    "id": "918263700",
    "name": "比特币飞扬",
    "profile_image_url": "https://pbs.twimg.com/profile_images/1857641756986322949/2zgF5OJv_normal.jpg",
    "screen_name": "ttp92021",
  },
  {
    "blocking": true,
    "description": "",
    "following": false,
    "id": "2243304673",
    "name": "比特币飞扬",
    "profile_image_url": "https://pbs.twimg.com/profile_images/1834094187102568448/R2GBoBVg_normal.png",
    "screen_name": "btc92038",
  },
  {
    "blocking": true,
    "description": "",
    "following": false,
    "id": "1566179280",
    "name": "比特币飞扬",
    "profile_image_url": "https://pbs.twimg.com/profile_images/1857641949718786055/WaJixMGI_normal.jpg",
    "screen_name": "ttp92062",
  },
  {
    "blocking": true,
    "description": "",
    "following": false,
    "id": "424446365",
    "name": "比特币飞扬",
    "profile_image_url": "https://pbs.twimg.com/profile_images/1857641717157249024/XALvvNGX_normal.jpg",
    "screen_name": "ttp92012",
  },
  {
    "blocking": true,
    "description": "",
    "following": false,
    "id": "1610173591345299456",
    "name": "比特币飞扬",
    "profile_image_url": "https://pbs.twimg.com/profile_images/1834107774818811904/pO3sfVtW_normal.png",
    "screen_name": "btc92082",
  },
  {
    "blocking": true,
    "description": "",
    "following": false,
    "id": "712283154250211332",
    "name": "比特币飞扬",
    "profile_image_url": "https://pbs.twimg.com/profile_images/1834104734002937857/Im_u8PCj_normal.png",
    "screen_name": "btc92072",
  },
  {
    "blocking": true,
    "description": "",
    "following": false,
    "id": "235607472",
    "name": "比特币飞扬",
    "profile_image_url": "https://pbs.twimg.com/profile_images/1857642028722696193/NEEONUWd_normal.jpg",
    "screen_name": "ttp92076",
  },
  {
    "blocking": true,
    "description": "",
    "following": false,
    "id": "4555948682",
    "name": "比特币飞扬",
    "profile_image_url": "https://pbs.twimg.com/profile_images/1834111466825494528/gn0NUVVq_normal.png",
    "screen_name": "btc92098",
  },
  {
    "blocking": true,
    "description": "",
    "following": false,
    "id": "1418599326779990024",
    "name": "比特币飞扬",
    "profile_image_url": "https://pbs.twimg.com/profile_images/1834103359042981888/eu9gJyhV_normal.png",
    "screen_name": "btc92068",
  },
  {
    "blocking": true,
    "description": "",
    "following": false,
    "id": "1574314628728819713",
    "name": "比特币飞扬",
    "profile_image_url": "https://pbs.twimg.com/profile_images/1834106315221987328/2Tgriegz_normal.png",
    "screen_name": "btc92078",
  },
  {
    "blocking": true,
    "description": "",
    "following": false,
    "id": "1897794295",
    "name": "比特币飞扬",
    "profile_image_url": "https://pbs.twimg.com/profile_images/1857641807481548801/nyzCriLj_normal.jpg",
    "screen_name": "ttp92031",
  },
  {
    "blocking": true,
    "description": "",
    "following": false,
    "id": "1262110622717624320",
    "name": "比特币飞扬",
    "profile_image_url": "https://pbs.twimg.com/profile_images/1834109716525711360/41ByE_VX_normal.png",
    "screen_name": "btc92090",
  },
  {
    "blocking": true,
    "description": "",
    "following": false,
    "id": "232297199",
    "name": "比特币飞扬",
    "profile_image_url": "https://pbs.twimg.com/profile_images/1857642104987725824/FiCUHHr__normal.jpg",
    "screen_name": "ttp92092",
  },
  {
    "blocking": true,
    "description": "",
    "following": false,
    "id": "1825416487714369536",
    "name": "比特币飞扬",
    "profile_image_url": "https://pbs.twimg.com/profile_images/1846816554983608321/Fq6Ibyln_normal.png",
    "screen_name": "btc92102",
  },
  {
    "blocking": true,
    "description": "",
    "following": false,
    "id": "332784642",
    "name": "比特币飞扬",
    "profile_image_url": "https://pbs.twimg.com/profile_images/1857641867913093120/jdfYULQw_normal.jpg",
    "screen_name": "ttp92044",
  },
  {
    "blocking": true,
    "description": "",
    "following": false,
    "id": "384371206",
    "name": "比特币飞扬",
    "profile_image_url": "https://pbs.twimg.com/profile_images/1857641688577224706/q5XgI60k_normal.jpg",
    "screen_name": "ttp92006",
  },
  {
    "blocking": true,
    "description": "",
    "following": false,
    "id": "866547170",
    "name": "比特币飞扬",
    "profile_image_url": "https://pbs.twimg.com/profile_images/1857642073891225600/PSuuoimP_normal.jpg",
    "screen_name": "ttp92085",
  },
  {
    "blocking": true,
    "description": "",
    "following": false,
    "id": "2803899306",
    "name": "比特币飞扬",
    "profile_image_url": "https://pbs.twimg.com/profile_images/1834092270053982213/JSFJL3lD_normal.png",
    "screen_name": "btc92032",
  },
  {
    "blocking": true,
    "description": "",
    "following": false,
    "id": "2193121228",
    "name": "比特币飞扬",
    "profile_image_url": "https://pbs.twimg.com/profile_images/1830135921339219969/HQ_qtenw_normal.png",
    "screen_name": "btc92005",
  },
  {
    "blocking": true,
    "description": "",
    "following": false,
    "id": "950792355749048321",
    "name": "比特币飞扬",
    "profile_image_url": "https://pbs.twimg.com/profile_images/1834096442014937088/zZWTJLI0_normal.png",
    "screen_name": "btc92049",
  },
  {
    "blocking": true,
    "description": "",
    "following": false,
    "id": "586858195",
    "name": "比特币飞扬",
    "profile_image_url": "https://pbs.twimg.com/profile_images/1857641670659158019/HDW7xaNa_normal.jpg",
    "screen_name": "ttp92005",
  },
  {
    "blocking": true,
    "description": "",
    "following": false,
    "id": "2361156958",
    "name": "比特币飞扬",
    "profile_image_url": "https://pbs.twimg.com/profile_images/1857641836061544448/teVxgoEz_normal.jpg",
    "screen_name": "ttp92036",
  },
  {
    "blocking": true,
    "description": "",
    "following": false,
    "id": "315837226",
    "name": "比特币飞扬",
    "profile_image_url": "https://pbs.twimg.com/profile_images/1857642102731186176/Y7_hpBDS_normal.jpg",
    "screen_name": "ttp92090",
  },
  {
    "blocking": true,
    "description": "",
    "following": false,
    "id": "772317985",
    "name": "比特币飞扬",
    "profile_image_url": "https://pbs.twimg.com/profile_images/1857641947810377731/NwL3gfEH_normal.jpg",
    "screen_name": "ttp92061",
  },
  {
    "blocking": true,
    "description": "",
    "following": false,
    "id": "2712389001",
    "name": "比特币飞扬",
    "profile_image_url": "https://pbs.twimg.com/profile_images/1857641817338163200/QpWCUY8P_normal.jpg",
    "screen_name": "ttp92034",
  },
  {
    "blocking": true,
    "description": "",
    "following": false,
    "id": "1522487989053452289",
    "name": "比特币飞扬",
    "profile_image_url": "https://pbs.twimg.com/profile_images/1834094990362116099/EH85SzJC_normal.png",
    "screen_name": "btc92042",
  },
  {
    "blocking": true,
    "description": "",
    "following": false,
    "id": "297638224",
    "name": "比特币飞扬",
    "profile_image_url": "https://pbs.twimg.com/profile_images/1857641790318456833/mv4VfJgs_normal.jpg",
    "screen_name": "ttp92029",
  },
  {
    "blocking": true,
    "description": "",
    "following": false,
    "id": "1671137725",
    "name": "比特币飞扬",
    "profile_image_url": "https://pbs.twimg.com/profile_images/1857641993423482880/YyEFxOwF_normal.jpg",
    "screen_name": "ttp92070",
  },
  {
    "blocking": true,
    "description": "",
    "following": false,
    "id": "2709009752",
    "name": "比特币飞扬",
    "profile_image_url": "https://pbs.twimg.com/profile_images/1857641843531653120/ZmT_oxCk_normal.jpg",
    "screen_name": "ttp92039",
  },
  {
    "blocking": true,
    "description": "",
    "following": false,
    "id": "4087255040",
    "name": "比特币飞扬",
    "profile_image_url": "https://pbs.twimg.com/profile_images/1830280321616814080/NCm2Gr4Z_normal.png",
    "screen_name": "btc92021",
  },
  {
    "blocking": true,
    "description": "",
    "following": false,
    "id": "351525085",
    "name": "比特币飞扬",
    "profile_image_url": "https://pbs.twimg.com/profile_images/1857642055889256449/FySXI5mt_normal.jpg",
    "screen_name": "ttp92082",
  },
  {
    "blocking": true,
    "description": "",
    "following": false,
    "id": "3254672550",
    "name": "比特币飞扬",
    "profile_image_url": "https://pbs.twimg.com/profile_images/1834106485783363584/DlmrNLaO_normal.png",
    "screen_name": "btc92079",
  },
  {
    "blocking": true,
    "description": "",
    "following": false,
    "id": "798423580002451456",
    "name": "比特币飞扬",
    "profile_image_url": "https://pbs.twimg.com/profile_images/1834107973171609600/wbxB9amQ_normal.png",
    "screen_name": "btc92083",
  },
  {
    "blocking": true,
    "description": "",
    "following": false,
    "id": "1785934679708954624",
    "name": "比特币飞扬",
    "profile_image_url": "https://pbs.twimg.com/profile_images/1834109562221461504/4_9Cvfew_normal.png",
    "screen_name": "btc92089",
  },
  {
    "blocking": true,
    "description": "",
    "following": false,
    "id": "297615411",
    "name": "比特币飞扬",
    "profile_image_url": "https://pbs.twimg.com/profile_images/1857641941414064131/VphNiCFe_normal.jpg",
    "screen_name": "ttp92058",
  },
  {
    "blocking": true,
    "description": "",
    "following": false,
    "id": "376709489",
    "name": "比特币飞扬",
    "profile_image_url": "https://pbs.twimg.com/profile_images/1857641944861831168/Unl3pvwn_normal.jpg",
    "screen_name": "ttp92059",
  },
  {
    "blocking": true,
    "description": "",
    "following": false,
    "id": "272538083",
    "name": "比特币飞扬",
    "profile_image_url": "https://pbs.twimg.com/profile_images/1857642103255482368/vhNWWp32_normal.jpg",
    "screen_name": "ttp92091",
  },
  {
    "blocking": true,
    "description": "",
    "following": false,
    "id": "1222941818511167488",
    "name": "比特币飞扬",
    "profile_image_url": "https://pbs.twimg.com/profile_images/1830146654777065477/K6CzvkQ__normal.png",
    "screen_name": "btc92019",
  },
  {
    "blocking": true,
    "description": "",
    "following": false,
    "id": "708818678",
    "name": "比特币飞扬",
    "profile_image_url": "https://pbs.twimg.com/profile_images/1857641765521739776/fzF_hzt9_normal.jpg",
    "screen_name": "ttp92023",
  },
  {
    "blocking": true,
    "description": "",
    "following": false,
    "id": "285971042",
    "name": "比特币飞扬",
    "profile_image_url": "https://pbs.twimg.com/profile_images/1857642021663727616/Rs3EZgBs_normal.jpg",
    "screen_name": "ttp92075",
  },
  {
    "blocking": true,
    "description": "NFL player",
    "following": false,
    "id": "2185260083",
    "name": "比特币飞扬",
    "profile_image_url": "https://pbs.twimg.com/profile_images/1857641991011708932/WEcLNp92_normal.jpg",
    "screen_name": "ttp92068",
  },
  {
    "blocking": true,
    "description": "",
    "following": false,
    "id": "1572630999087087622",
    "name": "比特币飞扬",
    "profile_image_url": "https://pbs.twimg.com/profile_images/1834093040639901696/r7AtIeTl_normal.png",
    "screen_name": "btc92033",
  },
  {
    "blocking": true,
    "description": "",
    "following": false,
    "id": "501470311",
    "name": "比特币飞扬",
    "profile_image_url": "https://pbs.twimg.com/profile_images/1857642036775759875/XMwFOe6D_normal.jpg",
    "screen_name": "ttp92079",
  },
  {
    "blocking": true,
    "description": "",
    "following": false,
    "id": "2289633477",
    "name": "比特币飞扬",
    "profile_image_url": "https://pbs.twimg.com/profile_images/1857641841388404738/k65kYBCO_normal.jpg",
    "screen_name": "ttp92038",
  },
  {
    "blocking": true,
    "description": "",
    "following": false,
    "id": "1798269775451222016",
    "name": "比特币飞扬",
    "profile_image_url": "https://pbs.twimg.com/profile_images/1830145715680448513/dey8cG4f_normal.png",
    "screen_name": "btc92016",
  },
  {
    "blocking": true,
    "description": "",
    "following": false,
    "id": "637345049",
    "name": "比特币飞扬",
    "profile_image_url": "https://pbs.twimg.com/profile_images/1857641895696191488/toMPVJvJ_normal.jpg",
    "screen_name": "ttp92048",
  },
  {
    "blocking": true,
    "description": "",
    "following": false,
    "id": "770521408002592770",
    "name": "比特币飞扬",
    "profile_image_url": "https://pbs.twimg.com/profile_images/1834110318781628417/vxsVYeni_normal.png",
    "screen_name": "btc92093",
  },
  {
    "blocking": true,
    "description": "",
    "following": false,
    "id": "1022388061",
    "name": "比特币飞扬",
    "profile_image_url": "https://pbs.twimg.com/profile_images/1857641693652344833/lAp369tr_normal.jpg",
    "screen_name": "ttp92008",
  },
  {
    "blocking": true,
    "description": "",
    "following": false,
    "id": "971777779501903873",
    "name": "比特币飞扬",
    "profile_image_url": "https://pbs.twimg.com/profile_images/1834098836354306048/mYqIrjuN_normal.png",
    "screen_name": "btc92057",
  },
  {
    "blocking": true,
    "description": "",
    "following": false,
    "id": "225632327",
    "name": "比特币飞扬",
    "profile_image_url": "https://pbs.twimg.com/profile_images/1857642124591902722/yP1pb2oO_normal.jpg",
    "screen_name": "ttp92095",
  },
  {
    "blocking": true,
    "description": "",
    "following": false,
    "id": "378525421",
    "name": "比特币飞扬",
    "profile_image_url": "https://pbs.twimg.com/profile_images/1857641905393426433/SwlbewNw_normal.jpg",
    "screen_name": "ttp92051",
  },
  {
    "blocking": true,
    "description": "",
    "following": false,
    "id": "961966018586230784",
    "name": "比特币飞扬",
    "profile_image_url": "https://pbs.twimg.com/profile_images/1834109004924289027/fHtpzqvu_normal.png",
    "screen_name": "btc92086",
  },
  {
    "blocking": true,
    "description": "",
    "following": false,
    "id": "3198930782",
    "name": "比特币飞扬",
    "profile_image_url": "https://pbs.twimg.com/profile_images/1834096912640917504/bsiG3pJ__normal.png",
    "screen_name": "btc92051",
  },
  {
    "blocking": true,
    "description": "",
    "following": false,
    "id": "1430909144278585349",
    "name": "比特币飞扬",
    "profile_image_url": "https://pbs.twimg.com/profile_images/1834105206545788928/5ssK3ZIE_normal.png",
    "screen_name": "btc92073",
  },
  {
    "blocking": true,
    "description": "",
    "following": false,
    "id": "315365074",
    "name": "比特币飞扬",
    "profile_image_url": "https://pbs.twimg.com/profile_images/1849338919139307520/HG5maW4a_normal.png",
    "screen_name": "btc92114",
  },
  {
    "blocking": true,
    "description": "",
    "following": false,
    "id": "805671713610481664",
    "name": "比特币飞扬",
    "profile_image_url": "https://pbs.twimg.com/profile_images/1834094589738971136/9Ookjgq2_normal.png",
    "screen_name": "btc92040",
  },
  {
    "blocking": true,
    "description": "",
    "following": false,
    "id": "394948704",
    "name": "比特币飞扬",
    "profile_image_url": "https://pbs.twimg.com/profile_images/1857641963950059520/lCbBb56s_normal.jpg",
    "screen_name": "ttp92063",
  },
  {
    "blocking": true,
    "description": "",
    "following": false,
    "id": "233125878",
    "name": "比特币飞扬",
    "profile_image_url": "https://pbs.twimg.com/profile_images/1857641909352804352/p_g4Cgdh_normal.jpg",
    "screen_name": "ttp92052",
  },
  {
    "blocking": true,
    "description": "",
    "following": false,
    "id": "1251442913268994048",
    "name": "比特币飞扬",
    "profile_image_url": "https://pbs.twimg.com/profile_images/1833805634409730048/WiCRLsXs_normal.png",
    "screen_name": "btc92031",
  },
  {
    "blocking": true,
    "description": "",
    "following": false,
    "id": "231941147",
    "name": "比特币飞扬",
    "profile_image_url": "https://pbs.twimg.com/profile_images/1857641867351044100/F1hgq4jG_normal.jpg",
    "screen_name": "ttp92043",
  },
  {
    "blocking": true,
    "description": "",
    "following": false,
    "id": "216261032",
    "name": "比特币飞扬",
    "profile_image_url": "https://pbs.twimg.com/profile_images/1849314550707097600/nrfwTPmI_normal.png",
    "screen_name": "btc92113",
  },
  {
    "blocking": true,
    "description": "",
    "following": false,
    "id": "1627489490",
    "name": "比特币飞扬",
    "profile_image_url": "https://pbs.twimg.com/profile_images/1857642003707867137/Q7Td8cjx_normal.jpg",
    "screen_name": "ttp92072",
  },
  {
    "blocking": true,
    "description": "",
    "following": false,
    "id": "160887196",
    "name": "比特币飞扬",
    "profile_image_url": "https://pbs.twimg.com/profile_images/1857642134234607617/NGSTL_Fc_normal.jpg",
    "screen_name": "ttp92099",
  },
  {
    "blocking": true,
    "description": "",
    "following": false,
    "id": "605354764",
    "name": "比特币飞扬",
    "profile_image_url": "https://pbs.twimg.com/profile_images/1857641787709599745/8TvB3N49_normal.jpg",
    "screen_name": "ttp92028",
  },
  {
    "blocking": true,
    "description": "",
    "following": false,
    "id": "1313747712420978688",
    "name": "比特币飞扬",
    "profile_image_url": "https://pbs.twimg.com/profile_images/1834095182884864001/CHSY7F2X_normal.png",
    "screen_name": "btc92043",
  },
  {
    "blocking": true,
    "description": "",
    "following": false,
    "id": "313140764",
    "name": "比特币飞扬",
    "profile_image_url": "https://pbs.twimg.com/profile_images/1857641670256553984/d6evJUvE_normal.jpg",
    "screen_name": "ttp92004",
  },
  {
    "blocking": true,
    "description": "",
    "following": false,
    "id": "763139966",
    "name": "比特币飞扬",
    "profile_image_url": "https://pbs.twimg.com/profile_images/1850124562324934656/yTBgXSd-_normal.png",
    "screen_name": "btc92108",
  },
  {
    "blocking": true,
    "description": "",
    "following": false,
    "id": "1942503090",
    "name": "比特币飞扬",
    "profile_image_url": "https://pbs.twimg.com/profile_images/1857641844571779072/CF-V9SBL_normal.jpg",
    "screen_name": "ttp92040",
  },
  {
    "blocking": true,
    "description": "",
    "following": false,
    "id": "2654503356",
    "name": "比特币飞扬",
    "profile_image_url": "https://pbs.twimg.com/profile_images/1857641786887516160/m4KmJBfz_normal.jpg",
    "screen_name": "ttp92027",
  },
  {
    "blocking": true,
    "description": "",
    "following": false,
    "id": "1299771686",
    "name": "比特币飞扬",
    "profile_image_url": "https://pbs.twimg.com/profile_images/1857641976361005059/d1Ws4TyW_normal.jpg",
    "screen_name": "ttp92066",
  },
  {
    "blocking": true,
    "description": "",
    "following": false,
    "id": "398893992",
    "name": "比特币飞扬",
    "profile_image_url": "https://pbs.twimg.com/profile_images/1849313108030033920/gkUxXwwQ_normal.png",
    "screen_name": "btc92112",
  },
  {
    "blocking": true,
    "description": "",
    "following": false,
    "id": "1060271981428383744",
    "name": "比特币飞扬",
    "profile_image_url": "https://pbs.twimg.com/profile_images/1834109873610723328/rPE9uhoZ_normal.png",
    "screen_name": "btc92091",
  },
  {
    "blocking": true,
    "description": "",
    "following": false,
    "id": "1186250188307910656",
    "name": "比特币飞扬",
    "profile_image_url": "https://pbs.twimg.com/profile_images/1830460900601364480/yq9wBFT8_normal.png",
    "screen_name": "btc92023",
  },
  {
    "blocking": true,
    "description": "",
    "following": false,
    "id": "363348033",
    "name": "比特币飞扬",
    "profile_image_url": "https://pbs.twimg.com/profile_images/1857641859180539906/T9t0C3ix_normal.jpg",
    "screen_name": "ttp92042",
  },
  {
    "blocking": true,
    "description": "",
    "following": false,
    "id": "301316660",
    "name": "比特币飞扬",
    "profile_image_url": "https://pbs.twimg.com/profile_images/1857642058154127362/EVyJKx6C_normal.jpg",
    "screen_name": "ttp92083",
  },
  {
    "blocking": true,
    "description": "",
    "following": false,
    "id": "308788908",
    "name": "比特币飞扬",
    "profile_image_url": "https://pbs.twimg.com/profile_images/1857641720596541441/LFoStrbr_normal.jpg",
    "screen_name": "ttp92015",
  },
  {
    "blocking": true,
    "description": "",
    "following": false,
    "id": "1263381065965563904",
    "name": "比特币飞扬",
    "profile_image_url": "https://pbs.twimg.com/profile_images/1834099053132693504/KnmUmnsw_normal.png",
    "screen_name": "btc92058",
  },
  {
    "blocking": true,
    "description": "",
    "following": false,
    "id": "880673009174007808",
    "name": "比特币飞扬",
    "profile_image_url": "https://pbs.twimg.com/profile_images/1834097734883966976/9uHlosi1_normal.png",
    "screen_name": "btc92055",
  },
  {
    "blocking": true,
    "description": "",
    "following": false,
    "id": "1777147744269877249",
    "name": "比特币飞扬",
    "profile_image_url": "https://pbs.twimg.com/profile_images/1857641945256046594/WAHF936i_normal.jpg",
    "screen_name": "ttp92060",
  },
  {
    "blocking": true,
    "description": "",
    "following": false,
    "id": "473120101",
    "name": "比特币飞扬",
    "profile_image_url": "https://pbs.twimg.com/profile_images/1857641737340203010/AbuxzN4h_normal.jpg",
    "screen_name": "ttp92016",
  },
  {
    "blocking": true,
    "description": "",
    "following": false,
    "id": "348641877",
    "name": "比特币飞扬",
    "profile_image_url": "https://pbs.twimg.com/profile_images/1857641786757492741/9K9ZEo4Y_normal.jpg",
    "screen_name": "ttp92026",
  },
  {
    "blocking": true,
    "description": "",
    "following": false,
    "id": "1074338820651241474",
    "name": "比特币飞扬",
    "profile_image_url": "https://pbs.twimg.com/profile_images/1834099381609660417/ys5oBdw0_normal.png",
    "screen_name": "btc92059",
  },
  {
    "blocking": true,
    "description": "",
    "following": false,
    "id": "1387803903861825538",
    "name": "比特币飞扬",
    "profile_image_url": "https://pbs.twimg.com/profile_images/1834094411229327360/GgCNxQiK_normal.png",
    "screen_name": "btc92039",
  },
  {
    "blocking": true,
    "description": "",
    "following": false,
    "id": "2355568375",
    "name": "比特币飞扬",
    "profile_image_url": "https://pbs.twimg.com/profile_images/1850170393061097472/s3zKvg3t_normal.png",
    "screen_name": "btc92109",
  },
  {
    "blocking": true,
    "description": "",
    "following": false,
    "id": "816250945",
    "name": "比特币飞扬",
    "profile_image_url": "https://pbs.twimg.com/profile_images/1857642084884430848/ed4XMj6w_normal.jpg",
    "screen_name": "ttp92089",
  },
  {
    "blocking": true,
    "description": "",
    "following": false,
    "id": "536365597",
    "name": "比特币飞扬",
    "profile_image_url": "https://pbs.twimg.com/profile_images/1857641668171935748/LO_S5VAJ_normal.jpg",
    "screen_name": "ttp92001",
  },
  {
    "blocking": true,
    "description": "",
    "following": false,
    "id": "250364083",
    "name": "比特币飞扬",
    "profile_image_url": "https://pbs.twimg.com/profile_images/1857641883306176516/Uvyaibc9_normal.jpg",
    "screen_name": "ttp92047",
  },
  {
    "blocking": true,
    "description": "",
    "following": false,
    "id": "2935049332",
    "name": "比特币飞扬",
    "profile_image_url": "https://pbs.twimg.com/profile_images/1857641881754284033/BqMCZPoW_normal.jpg",
    "screen_name": "ttp92046",
  },
  {
    "blocking": true,
    "description": "",
    "following": false,
    "id": "1291521654774874112",
    "name": "比特币飞扬",
    "profile_image_url": "https://pbs.twimg.com/profile_images/1834102285439565825/VbqX2l_5_normal.png",
    "screen_name": "btc92064",
  },
  {
    "blocking": true,
    "description": "",
    "following": false,
    "id": "1406626799354748932",
    "name": "比特币飞扬",
    "profile_image_url": "https://pbs.twimg.com/profile_images/1834093840984408066/dwh8-I1f_normal.png",
    "screen_name": "btc92036",
  },
  {
    "blocking": true,
    "description": "",
    "following": false,
    "id": "2247085843",
    "name": "比特币飞扬",
    "profile_image_url": "https://pbs.twimg.com/profile_images/1857641810363035654/xWnSPrv__normal.jpg",
    "screen_name": "ttp92032",
  },
  {
    "blocking": true,
    "description": "",
    "following": false,
    "id": "2450639687",
    "name": "比特币飞扬",
    "profile_image_url": "https://pbs.twimg.com/profile_images/1857641969524391936/nabzaxtw_normal.jpg",
    "screen_name": "ttp92065",
  },
  {
    "blocking": true,
    "description": "",
    "following": false,
    "id": "338912187",
    "name": "比特币飞扬",
    "profile_image_url": "https://pbs.twimg.com/profile_images/1857641991871574016/2x-Icdib_normal.jpg",
    "screen_name": "ttp92069",
  },
  {
    "blocking": true,
    "description": "",
    "following": false,
    "id": "350655868",
    "name": "比特币飞扬",
    "profile_image_url": "https://pbs.twimg.com/profile_images/1857642112617164802/8VzsXaiz_normal.jpg",
    "screen_name": "ttp92094",
  },
  {
    "blocking": true,
    "description": "",
    "following": false,
    "id": "1081126473572839424",
    "name": "比特币飞扬",
    "profile_image_url": "https://pbs.twimg.com/profile_images/1834097440615714816/A-6QIWmu_normal.png",
    "screen_name": "btc92054",
  },
  {
    "blocking": true,
    "description": "",
    "following": false,
    "id": "1696162641289375744",
    "name": "比特币飞扬",
    "profile_image_url": "https://pbs.twimg.com/profile_images/1830135537065476096/bFT3L6Sy_normal.png",
    "screen_name": "btc92004",
  },
  {
    "blocking": true,
    "description": "",
    "following": false,
    "id": "373417497",
    "name": "比特币飞扬",
    "profile_image_url": "https://pbs.twimg.com/profile_images/1857642144959442952/556eY1Nc_normal.jpg",
    "screen_name": "ttp92100",
  },
  {
    "blocking": true,
    "description": "",
    "following": false,
    "id": "322073071",
    "name": "比特币飞扬",
    "profile_image_url": "https://pbs.twimg.com/profile_images/1857641743967285248/EDJfo-in_normal.jpg",
    "screen_name": "ttp92018",
  },
  {
    "blocking": true,
    "description": "",
    "following": false,
    "id": "700847964",
    "name": "比特币飞扬",
    "profile_image_url": "https://pbs.twimg.com/profile_images/1857642050033954818/rFZAcgdS_normal.jpg",
    "screen_name": "ttp92080",
  },
  {
    "blocking": true,
    "description": "",
    "following": false,
    "id": "544545409",
    "name": "比特币飞扬",
    "profile_image_url": "https://pbs.twimg.com/profile_images/1857642134024892425/lFuu2qBC_normal.jpg",
    "screen_name": "ttp92098",
  },
  {
    "blocking": true,
    "description": "",
    "following": false,
    "id": "2339432553",
    "name": "比特币飞扬",
    "profile_image_url": "https://pbs.twimg.com/profile_images/1857641699922817026/5Jf3XWGO_normal.jpg",
    "screen_name": "ttp92010",
  },
  {
    "blocking": true,
    "description": "",
    "following": false,
    "id": "1090152420900917248",
    "name": "比特币飞扬",
    "profile_image_url": "https://pbs.twimg.com/profile_images/1830461963052437504/gyRDnWAD_normal.png",
    "screen_name": "btc92027",
  },
  {
    "blocking": true,
    "description": "",
    "following": false,
    "id": "2414842142",
    "name": "比特币飞扬",
    "profile_image_url": "https://pbs.twimg.com/profile_images/1857641916890071040/luUOjQYn_normal.jpg",
    "screen_name": "ttp92053",
  },
  {
    "blocking": true,
    "description": "",
    "following": false,
    "id": "1307943232886562816",
    "name": "比特币飞扬",
    "profile_image_url": "https://pbs.twimg.com/profile_images/1830462540549435392/DlPJj_EC_normal.png",
    "screen_name": "btc92029",
  },
  {
    "blocking": true,
    "description": "在这里找到我👉 电报：https://t.co/MmRE09QgA7频道 https://t.co/7NarD6YajO",
    "following": false,
    "id": "1798816039998017536",
    "name": "比特币飞扬",
    "profile_image_url": "https://pbs.twimg.com/profile_images/1798816437387112448/0UrIlzdr_normal.jpg",
    "screen_name": "te_fei91344",
  },
  {
    "blocking": true,
    "description": "",
    "following": false,
    "id": "2525724098",
    "name": "比特币飞扬",
    "profile_image_url": "https://pbs.twimg.com/profile_images/1857642036499038208/y68F7BBh_normal.jpg",
    "screen_name": "ttp92078",
  },
  {
    "blocking": true,
    "description": "",
    "following": false,
    "id": "1405476796175294464",
    "name": "比特币飞扬",
    "profile_image_url": "https://pbs.twimg.com/profile_images/1834105860198744064/HreDZRUn_normal.png",
    "screen_name": "btc92076",
  },
  {
    "blocking": true,
    "description": "",
    "following": false,
    "id": "1825416950174089216",
    "name": "比特币飞扬",
    "profile_image_url": "https://pbs.twimg.com/profile_images/1846817939502387204/coZii1MI_normal.png",
    "screen_name": "btc92056",
  },
  {
    "blocking": true,
    "description": "",
    "following": false,
    "id": "726528912",
    "name": "比特币飞扬",
    "profile_image_url": "https://pbs.twimg.com/profile_images/1857641976788848640/2Av4mKWH_normal.jpg",
    "screen_name": "ttp92067",
  },
  {
    "blocking": true,
    "description": "",
    "following": false,
    "id": "1244531243477164032",
    "name": "比特币飞扬",
    "profile_image_url": "https://pbs.twimg.com/profile_images/1834105577037070337/5ZqrPRuI_normal.png",
    "screen_name": "btc92075",
  },
  {
    "blocking": true,
    "description": "",
    "following": false,
    "id": "1403760746945662977",
    "name": "比特币飞扬",
    "profile_image_url": "https://pbs.twimg.com/profile_images/1834103796685045761/KgfR9DC2_normal.png",
    "screen_name": "btc92069",
  },
  {
    "blocking": true,
    "description": "",
    "following": false,
    "id": "1569538876397735937",
    "name": "比特币飞扬",
    "profile_image_url": "https://pbs.twimg.com/profile_images/1834110444925321217/Hlald0Gs_normal.png",
    "screen_name": "btc92094",
  },
  {
    "blocking": true,
    "description": "",
    "following": false,
    "id": "1103181458099777536",
    "name": "比特币飞扬",
    "profile_image_url": "https://pbs.twimg.com/profile_images/1834106828512546816/sfds5yxi_normal.png",
    "screen_name": "btc92081",
  },
  {
    "blocking": true,
    "description": "",
    "following": false,
    "id": "781085206774034432",
    "name": "比特币飞扬",
    "profile_image_url": "https://pbs.twimg.com/profile_images/1834104585281294336/HN97OZib_normal.png",
    "screen_name": "btc92071",
  },
  {
    "blocking": true,
    "description": "",
    "following": false,
    "id": "1043538627836268544",
    "name": "比特币飞扬",
    "profile_image_url": "https://pbs.twimg.com/profile_images/1834106039912071202/ZJ3DIkLl_normal.png",
    "screen_name": "btc92077",
  },
  {
    "blocking": true,
    "description": "",
    "following": false,
    "id": "1696162666220273665",
    "name": "比特币飞扬",
    "profile_image_url": "https://pbs.twimg.com/profile_images/1830135115327975424/ho1Iw6qj_normal.png",
    "screen_name": "btc92003",
  },
  {
    "blocking": true,
    "description": "",
    "following": false,
    "id": "747815703193886720",
    "name": "比特币飞扬",
    "profile_image_url": "https://pbs.twimg.com/profile_images/1834109353307340800/reQIOwel_normal.png",
    "screen_name": "btc92088",
  },
  {
    "blocking": true,
    "description": "",
    "following": false,
    "id": "2178412084",
    "name": "比特币飞扬",
    "profile_image_url": "https://pbs.twimg.com/profile_images/1857642126282285056/y-xQgvsm_normal.jpg",
    "screen_name": "ttp92096",
  },
  {
    "blocking": true,
    "description": "",
    "following": false,
    "id": "1201294974",
    "name": "比特币飞扬",
    "profile_image_url": "https://pbs.twimg.com/profile_images/1830136634719027203/JTUjGD3K_normal.png",
    "screen_name": "btc92006",
  },
  {
    "blocking": true,
    "description": "",
    "following": false,
    "id": "741236300",
    "name": "比特币飞扬",
    "profile_image_url": "https://pbs.twimg.com/profile_images/1857641839169515520/YBvB37mq_normal.jpg",
    "screen_name": "ttp92037",
  },
  {
    "blocking": true,
    "description": "",
    "following": false,
    "id": "1588500313",
    "name": "比特币飞扬",
    "profile_image_url": "https://pbs.twimg.com/profile_images/1857642032426266627/fk1G7d8j_normal.jpg",
    "screen_name": "ttp92077",
  },
  {
    "blocking": true,
    "description": "",
    "following": false,
    "id": "2879311508",
    "name": "比特币飞扬",
    "profile_image_url": "https://pbs.twimg.com/profile_images/1834102046238429184/gjgcjswE_normal.png",
    "screen_name": "btc92063",
  },
  {
    "blocking": true,
    "description": "",
    "following": false,
    "id": "1198856496081014784",
    "name": "比特币飞扬",
    "profile_image_url": "https://pbs.twimg.com/profile_images/1830146019675254785/gc1JeM1g_normal.png",
    "screen_name": "btc92017",
  },
  {
    "blocking": true,
    "description": "",
    "following": false,
    "id": "1679729136",
    "name": "比特币飞扬",
    "profile_image_url": "https://pbs.twimg.com/profile_images/1857641897453588480/QKPict9K_normal.jpg",
    "screen_name": "ttp92049",
  },
  {
    "blocking": true,
    "description": "",
    "following": false,
    "id": "2939231970",
    "name": "比特币飞扬",
    "profile_image_url": "https://pbs.twimg.com/profile_images/1834102646468427776/wuTnDSeP_normal.png",
    "screen_name": "btc92065",
  },
  {
    "blocking": true,
    "description": "",
    "following": false,
    "id": "1935246666",
    "name": "比特币飞扬",
    "profile_image_url": "https://pbs.twimg.com/profile_images/1857641740003586053/KF-0hDfv_normal.jpg",
    "screen_name": "ttp92017",
  },
  {
    "blocking": true,
    "description": "",
    "following": false,
    "id": "1632252168",
    "name": "比特币飞扬",
    "profile_image_url": "https://pbs.twimg.com/profile_images/1857641870555492354/n7YGiG9T_normal.jpg",
    "screen_name": "ttp92045",
  },
  {
    "blocking": true,
    "description": "",
    "following": false,
    "id": "317811115",
    "name": "比特币飞扬",
    "profile_image_url": "https://pbs.twimg.com/profile_images/1857642053997666304/O3XpYRtH_normal.jpg",
    "screen_name": "ttp92081",
  },
  {
    "blocking": true,
    "description": "",
    "following": false,
    "id": "2472253763",
    "name": "比特币飞扬",
    "profile_image_url": "https://pbs.twimg.com/profile_images/1857642012813701122/zeLl0jlr_normal.jpg",
    "screen_name": "ttp92074",
  },
  {
    "blocking": true,
    "description": "",
    "following": false,
    "id": "804582123491364864",
    "name": "比特币飞扬",
    "profile_image_url": "https://pbs.twimg.com/profile_images/1834106631791280130/4EFtlrdF_normal.png",
    "screen_name": "btc92080",
  },
  {
    "blocking": true,
    "description": "",
    "following": false,
    "id": "1250419814146781185",
    "name": "比特币飞扬",
    "profile_image_url": "https://pbs.twimg.com/profile_images/1834104070174593024/Ii0sjTLq_normal.png",
    "screen_name": "btc92070",
  },
  {
    "blocking": true,
    "description": "",
    "following": false,
    "id": "828122978",
    "name": "比特币飞扬",
    "profile_image_url": "https://pbs.twimg.com/profile_images/1857641718298062852/1lS54KnT_normal.jpg",
    "screen_name": "ttp92013",
  },
  {
    "blocking": true,
    "description": "",
    "following": false,
    "id": "1531366615",
    "name": "比特币飞扬",
    "profile_image_url": "https://pbs.twimg.com/profile_images/1834105408614707200/Gyo_rPyz_normal.png",
    "screen_name": "btc92074",
  },
  {
    "blocking": true,
    "description": "",
    "following": false,
    "id": "268740160",
    "name": "比特币飞扬",
    "profile_image_url": "https://pbs.twimg.com/profile_images/1857642084070785024/p2QOevxk_normal.jpg",
    "screen_name": "ttp92088",
  },
  {
    "blocking": true,
    "description": "",
    "following": false,
    "id": "1179099625724116992",
    "name": "比特币飞扬",
    "profile_image_url": "https://pbs.twimg.com/profile_images/1834110055945506816/VNsGVbdP_normal.png",
    "screen_name": "btc92092",
  },
  {
    "blocking": true,
    "description": "",
    "following": false,
    "id": "231386234",
    "name": "比特币飞扬",
    "profile_image_url": "https://pbs.twimg.com/profile_images/1849312063107248128/zt_7JMfB_normal.png",
    "screen_name": "btc92111",
  },
  {
    "blocking": true,
    "description": "",
    "following": false,
    "id": "1073219403028647937",
    "name": "比特币飞扬",
    "profile_image_url": "https://pbs.twimg.com/profile_images/1834093957674139649/Eh3lqMG0_normal.png",
    "screen_name": "btc92037",
  },
  {
    "blocking": true,
    "description": "",
    "following": false,
    "id": "4825549171",
    "name": "比特币飞扬",
    "profile_image_url": "https://pbs.twimg.com/profile_images/1834095334383116288/8vIBq4Qw_normal.png",
    "screen_name": "btc92044",
  },
  {
    "blocking": true,
    "description": "",
    "following": false,
    "id": "1019981498",
    "name": "比特币飞扬",
    "profile_image_url": "https://pbs.twimg.com/profile_images/1849677640107687936/Ulxv4m-B_normal.png",
    "screen_name": "btc92115",
  },
  {
    "blocking": true,
    "description": "",
    "following": false,
    "id": "1338997801829613568",
    "name": "比特币飞扬",
    "profile_image_url": "https://pbs.twimg.com/profile_images/1830280774555516928/Z9jzwuPo_normal.png",
    "screen_name": "btc92022",
  },
  {
    "blocking": true,
    "description": "",
    "following": false,
    "id": "1072411988968431616",
    "name": "比特币飞扬",
    "profile_image_url": "https://pbs.twimg.com/profile_images/1834096324452757504/tX3scBRR_normal.png",
    "screen_name": "btc92048",
  },
  {
    "blocking": true,
    "description": "",
    "following": false,
    "id": "502347953",
    "name": "比特币飞扬",
    "profile_image_url": "https://pbs.twimg.com/profile_images/1857641793443213312/ngBsRu9u_normal.jpg",
    "screen_name": "ttp92030",
  },
  {
    "blocking": true,
    "description": "",
    "following": false,
    "id": "1180885400",
    "name": "比特币飞扬",
    "profile_image_url": "https://pbs.twimg.com/profile_images/1857641769091084290/XQnQeiDl_normal.jpg",
    "screen_name": "ttp92025",
  },
  {
    "blocking": true,
    "description": "",
    "following": false,
    "id": "1264368174138421248",
    "name": "比特币飞扬",
    "profile_image_url": "https://pbs.twimg.com/profile_images/1834110894646984706/EtF1KI-2_normal.png",
    "screen_name": "btc92096",
  },
  {
    "blocking": true,
    "description": "",
    "following": false,
    "id": "1410087366425935873",
    "name": "比特币飞扬",
    "profile_image_url": "https://pbs.twimg.com/profile_images/1834101767203946498/7dKvhHYe_normal.png",
    "screen_name": "btc92062",
  },
  {
    "blocking": true,
    "description": "",
    "following": false,
    "id": "1253181447877222400",
    "name": "比特币飞扬",
    "profile_image_url": "https://pbs.twimg.com/profile_images/1834110642359599105/hiB_9Op8_normal.png",
    "screen_name": "btc92095",
  },
  {
    "blocking": true,
    "description": "",
    "following": false,
    "id": "972417235884040192",
    "name": "比特币飞扬",
    "profile_image_url": "https://pbs.twimg.com/profile_images/1834109208050237445/hhec7jO9_normal.png",
    "screen_name": "btc92087",
  },
  {
    "blocking": true,
    "description": "",
    "following": false,
    "id": "700722356688261120",
    "name": "比特币飞扬",
    "profile_image_url": "https://pbs.twimg.com/profile_images/1830461224150315008/9o8CRNeP_normal.png",
    "screen_name": "btc92024",
  },
  {
    "blocking": true,
    "description": "",
    "following": false,
    "id": "1373174332097134597",
    "name": "比特币飞扬",
    "profile_image_url": "https://pbs.twimg.com/profile_images/1834103136660934656/NE8s8CCw_normal.png",
    "screen_name": "btc92067",
  },
  {
    "blocking": true,
    "description": "",
    "following": false,
    "id": "1297095944291246080",
    "name": "比特币飞扬",
    "profile_image_url": "https://pbs.twimg.com/profile_images/1834102898588090370/kvfW1YMV_normal.png",
    "screen_name": "btc92066",
  },
  {
    "blocking": true,
    "description": "",
    "following": false,
    "id": "219256777",
    "name": "比特币飞扬",
    "profile_image_url": "https://pbs.twimg.com/profile_images/1857642106732556288/R4NcHQI2_normal.jpg",
    "screen_name": "ttp92093",
  },
  {
    "blocking": true,
    "description": "",
    "following": false,
    "id": "97958963",
    "name": "比特币飞扬",
    "profile_image_url": "https://pbs.twimg.com/profile_images/1834095793902682113/azyXCeG3_normal.png",
    "screen_name": "btc92046",
  },
  {
    "blocking": true,
    "description": "",
    "following": false,
    "id": "1288624179919515648",
    "name": "比特币飞扬",
    "profile_image_url": "https://pbs.twimg.com/profile_images/1834093248446693377/w1MK1Cvf_normal.png",
    "screen_name": "btc92034",
  },
  {
    "blocking": true,
    "description": "",
    "following": false,
    "id": "433617532",
    "name": "比特币飞扬",
    "profile_image_url": "https://pbs.twimg.com/profile_images/1857641966772826113/UmUeHO37_normal.jpg",
    "screen_name": "ttp92064",
  },
  {
    "blocking": true,
    "description": "",
    "following": false,
    "id": "392110624",
    "name": "比特币飞扬",
    "profile_image_url": "https://pbs.twimg.com/profile_images/1857641668968853507/j5ONrupE_normal.jpg",
    "screen_name": "ttp92003",
  },
  {
    "blocking": true,
    "description": "",
    "following": false,
    "id": "1365205549722206209",
    "name": "比特币飞扬",
    "profile_image_url": "https://pbs.twimg.com/profile_images/1834096150938583040/MLbJU5p-_normal.png",
    "screen_name": "btc92047",
  },
  {
    "blocking": true,
    "description": "",
    "following": false,
    "id": "1168176520206008321",
    "name": "比特币飞扬",
    "profile_image_url": "https://pbs.twimg.com/profile_images/1834108400382414848/W_pH4EDp_normal.png",
    "screen_name": "btc92085",
  },
  {
    "blocking": true,
    "description": "",
    "following": false,
    "id": "1393303199042347009",
    "name": "比特币飞扬",
    "profile_image_url": "https://pbs.twimg.com/profile_images/1834111198943739906/-W0YZrIK_normal.png",
    "screen_name": "btc92097",
  },
  {
    "blocking": true,
    "description": "",
    "following": false,
    "id": "1177973427556110336",
    "name": "比特币飞扬",
    "profile_image_url": "https://pbs.twimg.com/profile_images/1830462863380729856/scl_VNoO_normal.png",
    "screen_name": "btc92030",
  },
  {
    "blocking": true,
    "description": "",
    "following": false,
    "id": "1250424960343920640",
    "name": "比特币飞扬",
    "profile_image_url": "https://pbs.twimg.com/profile_images/1834094804025987072/zQHWbLc6_normal.png",
    "screen_name": "btc92041",
  },
  {
    "blocking": true,
    "description": "",
    "following": false,
    "id": "1073791491389165568",
    "name": "比特币飞扬",
    "profile_image_url": "https://pbs.twimg.com/profile_images/1834097307270479872/eqLyfcPE_normal.png",
    "screen_name": "btc92053",
  },
  {
    "blocking": true,
    "description": "",
    "following": false,
    "id": "1057590829051604993",
    "name": "比特币飞扬",
    "profile_image_url": "https://pbs.twimg.com/profile_images/1834095524347289600/Amj9kQ_7_normal.png",
    "screen_name": "btc92045",
  },
  {
    "blocking": true,
    "description": "",
    "following": false,
    "id": "488197693",
    "name": "比特币飞扬",
    "profile_image_url": "https://pbs.twimg.com/profile_images/1857641815777882115/YnrDsIGo_normal.jpg",
    "screen_name": "ttp92033",
  },
  {
    "blocking": true,
    "description": "",
    "following": false,
    "id": "919637929697320960",
    "name": "比特币飞扬",
    "profile_image_url": "https://pbs.twimg.com/profile_images/1834112075268009984/qtJAQszn_normal.png",
    "screen_name": "btc92100",
  },
  {
    "blocking": true,
    "description": "",
    "following": false,
    "id": "749928810",
    "name": "比特币飞扬",
    "profile_image_url": "https://pbs.twimg.com/profile_images/1857641719845765120/qctsXcpX_normal.jpg",
    "screen_name": "ttp92014",
  },
  {
    "blocking": true,
    "description": "",
    "following": false,
    "id": "354934698",
    "name": "比特币飞扬",
    "profile_image_url": "https://pbs.twimg.com/profile_images/1857642057151688706/Z3Vrx7ys_normal.jpg",
    "screen_name": "ttp92084",
  },
  {
    "blocking": true,
    "description": "",
    "following": false,
    "id": "1252221111531532289",
    "name": "比特币飞扬",
    "profile_image_url": "https://pbs.twimg.com/profile_images/1834108163228139527/Bxs_QX3M_normal.png",
    "screen_name": "btc92084",
  },
  {
    "blocking": true,
    "description": "",
    "following": false,
    "id": "256432890",
    "name": "比特币飞扬",
    "profile_image_url": "https://pbs.twimg.com/profile_images/1857642126429007873/SYU-fgJI_normal.jpg",
    "screen_name": "ttp92097",
  },
  {
    "blocking": true,
    "description": "",
    "following": false,
    "id": "1129378230400536577",
    "name": "比特币飞扬",
    "profile_image_url": "https://pbs.twimg.com/profile_images/1830462224898596864/gvEl9I4D_normal.png",
    "screen_name": "btc92028",
  },
  {
    "blocking": false,
    "description": "",
    "following": false,
    "id": "418091337",
    "name": "比特币飞扬",
    "profile_image_url": "https://pbs.twimg.com/profile_images/1857642081851944969/ue1L0xBd_normal.jpg",
    "screen_name": "ttp92087",
  },
  {
    "blocking": false,
    "description": "",
    "following": false,
    "id": "1368293514140807168",
    "name": "比特币飞扬",
    "profile_image_url": "https://pbs.twimg.com/profile_images/1834099522429222913/_rb2ZlTg_normal.png",
    "screen_name": "btc92060",
  },
  {
    "blocking": false,
    "description": "",
    "following": false,
    "id": "370959292",
    "name": "比特币飞扬",
    "profile_image_url": "https://pbs.twimg.com/profile_images/1857641669744799749/CZf5sv7S_normal.jpg",
    "screen_name": "ttp92002",
  },
  {
    "blocking": false,
    "description": "",
    "following": false,
    "id": "373954499",
    "name": "比特币飞扬",
    "profile_image_url": "https://pbs.twimg.com/profile_images/1857642078240755712/EBsGDnUo_normal.jpg",
    "screen_name": "ttp92086",
  },
  {
    "blocking": false,
    "description": "",
    "following": false,
    "id": "288060843",
    "name": "比特币飞扬",
    "profile_image_url": "https://pbs.twimg.com/profile_images/1834111672207958016/UjbCZYIs_normal.png",
    "screen_name": "btc92099",
  },
  {
    "blocking": false,
    "description": "",
    "following": false,
    "id": "271802634",
    "name": "比特币飞扬",
    "profile_image_url": "https://pbs.twimg.com/profile_images/1857641819485646848/WJhgrUcs_normal.jpg",
    "screen_name": "ttp92035",
  },
  {
    "blocking": false,
    "description": "",
    "following": false,
    "id": "354630798",
    "name": "比特币飞扬",
    "profile_image_url": "https://pbs.twimg.com/profile_images/1857641696265383940/IkCdej9e_normal.jpg",
    "screen_name": "ttp92009",
  },
]
`;

exports[`parseUserRecords > parse notifications-spam 1`] = `
[
  {
    "blocking": false,
    "description": "Whatever, Who Cares.",
    "following": true,
    "id": "27544352",
    "name": "废土老年土肥圆#rm-rf*",
    "profile_image_url": "https://pbs.twimg.com/profile_images/1080274916048584709/cQI68ltu_normal.jpg",
    "screen_name": "shell_rm_rf",
  },
  {
    "blocking": false,
    "description": ".",
    "following": false,
    "id": "117704056",
    "name": "微波信号",
    "profile_image_url": "https://pbs.twimg.com/profile_images/1727288240447893504/GcuQ6pmc_normal.jpg",
    "screen_name": "flied16",
  },
  {
    "blocking": false,
    "description": "一个只会写屎代码的垃圾程序员，静态强类型系统的门下走狗。代数数据类型的虔诚门徒。 精神白洋淀人。他妈的，瓦拉莫夫。争取用 Rust 养活我余生（后来发现我太笨了，我不配）。

I built a Cursor-like experience plugin for Neovim: avante.nvim",
    "following": true,
    "id": "147786784",
    "name": "yetone",
    "profile_image_url": "https://pbs.twimg.com/profile_images/1458663772017491971/h1-KC--K_normal.jpg",
    "screen_name": "yetone",
  },
  {
    "blocking": false,
    "description": "世界和平 | 做人类观察 | sh!p",
    "following": true,
    "id": "1725904097482543104",
    "name": "wuw",
    "profile_image_url": "https://pbs.twimg.com/profile_images/1852275831608905728/7ECiL_-o_normal.jpg",
    "screen_name": "fengbuyou",
  },
  {
    "blocking": false,
    "description": "XJCMLTKE",
    "following": false,
    "id": "1624312157017104384",
    "name": "Guess",
    "profile_image_url": "https://pbs.twimg.com/profile_images/1758031481036042240/m4tHx3yK_normal.jpg",
    "screen_name": "guesssssssswhat",
  },
  {
    "blocking": false,
    "description": "日本語中国語両方支離滅裂ゴミ人間ド金欠人生失敗中国人限界御宅｜V老人｜ゲーム・アニメとか趣味色々｜1落ちカウンター 374
𝕏⃠ 
※スパム・エロ垢・投資垢・インプレゾンビなどは一切お断り致します
中文/English/日本語/한국어（조금밖에 할줄 모름）OK",
    "following": false,
    "id": "902877284918468608",
    "name": "𝓜𝓸𝓷𝓸𝓒𝓱𝓻𝓸𝓶𝓮.(モノクロ) (𝓡𝓮:仮)",
    "profile_image_url": "https://pbs.twimg.com/profile_images/1821860495441457153/XpdeVbmw_normal.jpg",
    "screen_name": "RkMonoChrome_CN",
  },
  {
    "blocking": false,
    "description": undefined,
    "following": false,
    "id": "1005446683327516672",
    "name": "比特币廷GG",
    "profile_image_url": "https://pbs.twimg.com/profile_images/1864654115495923714/kZtukqHW_normal.jpg",
    "screen_name": "BTCtgg",
  },
  {
    "blocking": false,
    "description": undefined,
    "following": false,
    "id": "1245039155224039424",
    "name": "币圈平凡",
    "profile_image_url": "https://pbs.twimg.com/profile_images/1864699814556127233/XI9ErPQ__normal.jpg",
    "screen_name": "BtCpingfan",
  },
  {
    "blocking": false,
    "description": "分享所见所想",
    "following": false,
    "id": "1193500786786889728",
    "name": "sun",
    "profile_image_url": "https://pbs.twimg.com/profile_images/1772951993910480896/HXaBU3qS_normal.jpg",
    "screen_name": "sun76790508",
  },
  {
    "blocking": false,
    "description": "🔪劈你成班油炸鬼變成豬腸粉",
    "following": false,
    "id": "774085044952526848",
    "name": "Pekyau 劈",
    "profile_image_url": "https://pbs.twimg.com/profile_images/1555034974726004737/ggyz6kdP_normal.png",
    "screen_name": "pekyau_p",
  },
  {
    "blocking": false,
    "description": "IT从业人士 | 分布式共识 | 西八区

网瘾少年，多次戒推失败 | 中文圈前朝遗老 | 推特虐我千百遍，我待推特如初恋",
    "following": false,
    "id": "1683692338022072320",
    "name": "Not Stupid® At All",
    "profile_image_url": "https://pbs.twimg.com/profile_images/1683702659126292483/gBwZw-kC_normal.jpg",
    "screen_name": "233vc",
  },
  {
    "blocking": false,
    "description": "赵客缦胡缨，吴钩霜雪明
🐍Python developer / PyPA member / Creator of @pdm_project / @frostming@mas.to / TG channel: https://t.co/eTgAKqBQ2C
Y4UNURKV",
    "following": false,
    "id": "942120697769246725",
    "name": "𝔽𝕣𝕠𝕤𝕥 𝕄𝕚𝕟𝕘",
    "profile_image_url": "https://pbs.twimg.com/profile_images/1699639663928184832/0QF28pJC_normal.jpg",
    "screen_name": "frostming90",
  },
  {
    "blocking": false,
    "description": "资深夜猫子/睡不够",
    "following": false,
    "id": "942092565376933888",
    "name": "scene",
    "profile_image_url": "https://pbs.twimg.com/profile_images/1672260182972465153/IGbGIp21_normal.jpg",
    "screen_name": "scene_104",
  },
  {
    "blocking": false,
    "description": "Java Backend & LLM Engineer | 独立开发者 | CTF｜Do Leetcode for fun｜バックエンド｜ ソフトウェアエンジニア 😺 Friend you = new Friend("Singleton");",
    "following": false,
    "id": "1820042591418945536",
    "name": "Object obj = new Object();",
    "profile_image_url": "https://pbs.twimg.com/profile_images/1874904988557930496/JbKWDnkD_normal.jpg",
    "screen_name": "com_java_",
  },
  {
    "blocking": false,
    "description": "Building the context-aware, collaborative AI Native canvas for content creation → https://t.co/u3zni4yOrS, ex @tiktok_us",
    "following": true,
    "id": "806464682823282688",
    "name": "Tom Huang",
    "profile_image_url": "https://pbs.twimg.com/profile_images/1033199673035522048/WI-JLSAc_normal.jpg",
    "screen_name": "tuturetom",
  },
  {
    "blocking": false,
    "description": "喜欢王小波，大概我们能成为朋友。 我的 2024 https://t.co/HfDF6oduB7 我的 2023 https://t.co/QyV8PiZmOY 我的2022 https://t.co/NLYTn7xtta 我的 2021 我的 2020",
    "following": true,
    "id": "1017648622668795904",
    "name": "yihong0618",
    "profile_image_url": "https://pbs.twimg.com/profile_images/1209446924006223872/wSIVSKnh_normal.jpg",
    "screen_name": "yihong0618",
  },
  {
    "blocking": false,
    "description": "infj｜sw intern",
    "following": false,
    "id": "1449400593768800258",
    "name": "Qo Ao",
    "profile_image_url": "https://pbs.twimg.com/profile_images/1748288101519368192/kBYHiOSj_normal.jpg",
    "screen_name": "QoAo92920126",
  },
  {
    "blocking": false,
    "description": "そして、次の曲が始まるのです",
    "following": false,
    "id": "1032090335214616576",
    "name": "Moeyua",
    "profile_image_url": "https://pbs.twimg.com/profile_images/1453901009735282688/nujAUZve_normal.jpg",
    "screen_name": "moeyua13",
  },
  {
    "blocking": false,
    "description": undefined,
    "following": false,
    "id": "1671801556625412097",
    "name": "hnboy20052",
    "profile_image_url": "https://pbs.twimg.com/profile_images/1671862928088403968/YOYhIrWD_normal.jpg",
    "screen_name": "hnboy20052",
  },
  {
    "blocking": false,
    "description": "INFP
如果你觉得我在说你，不好意思，我只是在自言自语。
Just do shit!
en @ayingott_lo",
    "following": false,
    "id": "1573511947496042496",
    "name": "Ayingott",
    "profile_image_url": "https://pbs.twimg.com/profile_images/1697079189038624768/iCMD8sKR_normal.jpg",
    "screen_name": "ayingott319",
  },
  {
    "blocking": false,
    "description": "明灯不熄的熊熊烈火才正是最为纯粹的生命本质！#ts #go #日本語初心者",
    "following": false,
    "id": "888465715266809856",
    "name": "琉璃",
    "profile_image_url": "https://pbs.twimg.com/profile_images/896290684298174464/Yk3siS2C_normal.jpg",
    "screen_name": "rxliuli",
  },
  {
    "blocking": false,
    "description": undefined,
    "following": false,
    "id": "888465715266809856",
    "name": "琉璃",
    "profile_image_url": undefined,
    "screen_name": "rxliuli",
  },
  {
    "blocking": false,
    "description": undefined,
    "following": false,
    "id": "888465715266809856",
    "name": "琉璃",
    "profile_image_url": undefined,
    "screen_name": "rxliuli",
  },
  {
    "blocking": false,
    "description": undefined,
    "following": false,
    "id": "147786784",
    "name": "yetone",
    "profile_image_url": undefined,
    "screen_name": "yetone",
  },
  {
    "blocking": false,
    "description": undefined,
    "following": false,
    "id": "942092565376933888",
    "name": "scene",
    "profile_image_url": undefined,
    "screen_name": "scene_104",
  },
  {
    "blocking": false,
    "description": undefined,
    "following": false,
    "id": "888465715266809856",
    "name": "琉璃",
    "profile_image_url": undefined,
    "screen_name": "rxliuli",
  },
  {
    "blocking": false,
    "description": undefined,
    "following": false,
    "id": "888465715266809856",
    "name": "琉璃",
    "profile_image_url": undefined,
    "screen_name": "rxliuli",
  },
  {
    "blocking": false,
    "description": undefined,
    "following": false,
    "id": "147786784",
    "name": "yetone",
    "profile_image_url": undefined,
    "screen_name": "yetone",
  },
  {
    "blocking": false,
    "description": undefined,
    "following": false,
    "id": "888465715266809856",
    "name": "琉璃",
    "profile_image_url": undefined,
    "screen_name": "rxliuli",
  },
  {
    "blocking": false,
    "description": undefined,
    "following": false,
    "id": "147786784",
    "name": "yetone",
    "profile_image_url": undefined,
    "screen_name": "yetone",
  },
  {
    "blocking": false,
    "description": undefined,
    "following": false,
    "id": "147786784",
    "name": "yetone",
    "profile_image_url": undefined,
    "screen_name": "yetone",
  },
  {
    "blocking": false,
    "description": "The place to find your new favorite product 🚀 Get new products in your inbox: https://t.co/uLj6s6LIgw",
    "following": false,
    "id": "2208027565",
    "name": "Product Hunt 😸",
    "profile_image_url": "https://pbs.twimg.com/profile_images/1772624223195873280/pqadeFo8_normal.jpg",
    "screen_name": "ProductHunt",
  },
  {
    "blocking": false,
    "description": "明灯不熄的熊熊烈火才正是最为纯粹的生命本质！#ts #go #日本語初心者",
    "following": false,
    "id": "888465715266809856",
    "name": "琉璃",
    "profile_image_url": "https://pbs.twimg.com/profile_images/896290684298174464/Yk3siS2C_normal.jpg",
    "screen_name": "rxliuli",
  },
  {
    "blocking": false,
    "description": undefined,
    "following": false,
    "id": "888465715266809856",
    "name": "琉璃",
    "profile_image_url": undefined,
    "screen_name": "rxliuli",
  },
  {
    "blocking": false,
    "description": undefined,
    "following": false,
    "id": "942092565376933888",
    "name": "scene",
    "profile_image_url": undefined,
    "screen_name": "scene_104",
  },
  {
    "blocking": false,
    "description": undefined,
    "following": false,
    "id": "888465715266809856",
    "name": "琉璃",
    "profile_image_url": undefined,
    "screen_name": "rxliuli",
  },
  {
    "blocking": false,
    "description": undefined,
    "following": false,
    "id": "888465715266809856",
    "name": "琉璃",
    "profile_image_url": undefined,
    "screen_name": "rxliuli",
  },
  {
    "blocking": false,
    "description": undefined,
    "following": false,
    "id": "888465715266809856",
    "name": "琉璃",
    "profile_image_url": undefined,
    "screen_name": "rxliuli",
  },
  {
    "blocking": false,
    "description": undefined,
    "following": false,
    "id": "942092565376933888",
    "name": "scene",
    "profile_image_url": undefined,
    "screen_name": "scene_104",
  },
  {
    "blocking": false,
    "description": undefined,
    "following": false,
    "id": "147786784",
    "name": "yetone",
    "profile_image_url": undefined,
    "screen_name": "yetone",
  },
]
`;

exports[`parseUserRecords > parse timeline 1`] = `
[
  {
    "blocking": false,
    "description": "在这里找到我👉 电报：https://t.co/MmRE09QgA7频道 https://t.co/7NarD6YajO",
    "following": false,
    "id": "1605523737285054465",
    "name": "比特币飞扬",
    "profile_image_url": "https://pbs.twimg.com/profile_images/1605524909655871488/i668ZXIl_normal.jpg",
    "screen_name": "TraderFeiyang",
  },
  {
    "blocking": false,
    "description": "",
    "following": false,
    "id": "251790844",
    "name": "比特币飞扬",
    "profile_image_url": "https://pbs.twimg.com/profile_images/1857641923009458177/Sciy-J4I_normal.jpg",
    "screen_name": "ttp92055",
  },
  {
    "blocking": false,
    "description": "",
    "following": false,
    "id": "366066657",
    "name": "比特币飞扬",
    "profile_image_url": "https://pbs.twimg.com/profile_images/1857641764292800513/DS60rtnt_normal.jpg",
    "screen_name": "ttp92022",
  },
  {
    "blocking": false,
    "description": "",
    "following": false,
    "id": "1252289042999369728",
    "name": "比特币飞扬",
    "profile_image_url": "https://pbs.twimg.com/profile_images/1778133273136275456/ULPCg8Nl_normal.png",
    "screen_name": "btc92001",
  },
  {
    "blocking": false,
    "description": "",
    "following": false,
    "id": "345625975",
    "name": "比特币飞扬",
    "profile_image_url": "https://pbs.twimg.com/profile_images/1849340282313297921/RwyrCDvs_normal.png",
    "screen_name": "btc92116",
  },
  {
    "blocking": false,
    "description": "",
    "following": false,
    "id": "294337952",
    "name": "比特币飞扬",
    "profile_image_url": "https://pbs.twimg.com/profile_images/1857641929183473665/-iiQjTao_normal.jpg",
    "screen_name": "ttp92057",
  },
  {
    "blocking": true,
    "description": "",
    "following": false,
    "id": "1149354797801197568",
    "name": "比特币飞扬",
    "profile_image_url": "https://pbs.twimg.com/profile_images/1830146250718785536/bspsWBBd_normal.png",
    "screen_name": "btc92018",
  },
  {
    "blocking": false,
    "description": "",
    "following": false,
    "id": "2574354727",
    "name": "比特币飞扬",
    "profile_image_url": "https://pbs.twimg.com/profile_images/1857641746429353984/ouuY79dH_normal.jpg",
    "screen_name": "ttp92019",
  },
  {
    "blocking": false,
    "description": "",
    "following": false,
    "id": "2737594436",
    "name": "比特币飞扬",
    "profile_image_url": "https://pbs.twimg.com/profile_images/1849310739967942656/cF388mFy_normal.png",
    "screen_name": "btc92110",
  },
  {
    "blocking": false,
    "description": "",
    "following": false,
    "id": "268716526",
    "name": "比特币飞扬",
    "profile_image_url": "https://pbs.twimg.com/profile_images/1857642011060482051/R72Jy6Cb_normal.jpg",
    "screen_name": "ttp92073",
  },
  {
    "blocking": false,
    "description": "",
    "following": false,
    "id": "2992260008",
    "name": "比特币飞扬",
    "profile_image_url": "https://pbs.twimg.com/profile_images/1834101497132711936/zjcEt02x_normal.png",
    "screen_name": "btc92061",
  },
  {
    "blocking": false,
    "description": "",
    "following": false,
    "id": "813301670276796416",
    "name": "比特币飞扬",
    "profile_image_url": "https://pbs.twimg.com/profile_images/1834097039145402370/UNgCeFpH_normal.png",
    "screen_name": "btc92052",
  },
  {
    "blocking": false,
    "description": "",
    "following": false,
    "id": "322470767",
    "name": "比特币飞扬",
    "profile_image_url": "https://pbs.twimg.com/profile_images/1850123662500012032/cvZYIZdV_normal.png",
    "screen_name": "btc92107",
  },
  {
    "blocking": false,
    "description": "",
    "following": false,
    "id": "4817011184",
    "name": "比特币飞扬",
    "profile_image_url": "https://pbs.twimg.com/profile_images/1830461392400609280/yE2SeGTM_normal.png",
    "screen_name": "btc92025",
  },
  {
    "blocking": false,
    "description": "",
    "following": false,
    "id": "330309374",
    "name": "比特币飞扬",
    "profile_image_url": "https://pbs.twimg.com/profile_images/1857641899240390656/JOoLbs9L_normal.jpg",
    "screen_name": "ttp92050",
  },
  {
    "blocking": false,
    "description": "",
    "following": false,
    "id": "1560061368388440064",
    "name": "比特币飞扬",
    "profile_image_url": "https://pbs.twimg.com/profile_images/1834096682264657921/syW9j3bP_normal.png",
    "screen_name": "btc92050",
  },
  {
    "blocking": false,
    "description": "",
    "following": false,
    "id": "2497233794",
    "name": "比特币飞扬",
    "profile_image_url": "https://pbs.twimg.com/profile_images/1857641858094284801/908u37vL_normal.jpg",
    "screen_name": "ttp92041",
  },
  {
    "blocking": false,
    "description": "",
    "following": false,
    "id": "800314662",
    "name": "比特币飞扬",
    "profile_image_url": "https://pbs.twimg.com/profile_images/1857641924859146248/zSZVP1uJ_normal.jpg",
    "screen_name": "ttp92056",
  },
  {
    "blocking": false,
    "description": "",
    "following": false,
    "id": "2875493802",
    "name": "比特币飞扬",
    "profile_image_url": "https://pbs.twimg.com/profile_images/1834093509042995200/2ewa7808_normal.png",
    "screen_name": "btc92035",
  },
  {
    "blocking": false,
    "description": "",
    "following": false,
    "id": "1262110622717624320",
    "name": "比特币飞扬",
    "profile_image_url": "https://pbs.twimg.com/profile_images/1834109716525711360/41ByE_VX_normal.png",
    "screen_name": "btc92090",
  },
]
`;
